This is pdfTeX, Version 3.141592653-2.6-1.40.26 (TeX Live 2024) (preloaded format=pdflatex 2025.3.4)  9 JUN 2026 18:00
entering extended mode
 restricted \write18 enabled.
 %&-line parsing enabled.
**paper_vda_tourism_energy.tex
(./paper_vda_tourism_energy.tex
LaTeX2e <2024-11-01> patch level 2
L3 programming layer <2025-01-18>
(c:/Users/2692812C/AppData/Roaming/TinyTeX/texmf-dist/tex/latex/base/article.cls
Document Class: article 2024/06/29 v1.4n Standard LaTeX document class
(c:/Users/2692812C/AppData/Roaming/TinyTeX/texmf-dist/tex/latex/base/size11.clo
File: size11.clo 2024/06/29 v1.4n Standard LaTeX file (size option)
)
\c@part=\count196
\c@section=\count197
\c@subsection=\count198
\c@subsubsection=\count199
\c@paragraph=\count266
\c@subparagraph=\count267
\c@figure=\count268
\c@table=\count269
\abovecaptionskip=\skip49
\belowcaptionskip=\skip50
\bibindent=\dimen141
) (c:/Users/2692812C/AppData/Roaming/TinyTeX/texmf-dist/tex/latex/base/inputenc.sty
Package: inputenc 2024/02/08 v1.3d Input encoding file
\inpenc@prehook=\toks17
\inpenc@posthook=\toks18
) (c:/Users/2692812C/AppData/Roaming/TinyTeX/texmf-dist/tex/latex/base/fontenc.sty
Package: fontenc 2021/04/29 v2.0v Standard LaTeX package
) (c:/Users/2692812C/AppData/Roaming/TinyTeX/texmf-dist/tex/latex/geometry/geometry.sty
Package: geometry 2020/01/02 v5.9 Page Geometry
 (c:/Users/2692812C/AppData/Roaming/TinyTeX/texmf-dist/tex/latex/graphics/keyval.sty
Package: keyval 2022/05/29 v1.15 key=value parser (DPC)
\KV@toks@=\toks19
) (c:/Users/2692812C/AppData/Roaming/TinyTeX/texmf-dist/tex/generic/iftex/ifvtex.sty
Package: ifvtex 2019/10/25 v1.7 ifvtex legacy package. Use iftex instead.
 (c:/Users/2692812C/AppData/Roaming/TinyTeX/texmf-dist/tex/generic/iftex/iftex.sty
Package: iftex 2024/12/12 v1.0g TeX engine tests
))
\Gm@cnth=\count270
\Gm@cntv=\count271
\c@Gm@tempcnt=\count272
\Gm@bindingoffset=\dimen142
\Gm@wd@mp=\dimen143
\Gm@odd@mp=\dimen144
\Gm@even@mp=\dimen145
\Gm@layoutwidth=\dimen146
\Gm@layoutheight=\dimen147
\Gm@layouthoffset=\dimen148
\Gm@layoutvoffset=\dimen149
\Gm@dimlist=\toks20
) (c:/Users/2692812C/AppData/Roaming/TinyTeX/texmf-dist/tex/latex/amsmath/amsmath.sty
Package: amsmath 2024/11/05 v2.17t AMS math features
\@mathmargin=\skip51

For additional information on amsmath, use the `?' option.
(c:/Users/2692812C/AppData/Roaming/TinyTeX/texmf-dist/tex/latex/amsmath/amstext.sty
Package: amstext 2021/08/26 v2.01 AMS text
 (c:/Users/2692812C/AppData/Roaming/TinyTeX/texmf-dist/tex/latex/amsmath/amsgen.sty
File: amsgen.sty 1999/11/30 v2.0 generic functions
\@emptytoks=\toks21
\ex@=\dimen150
)) (c:/Users/2692812C/AppData/Roaming/TinyTeX/texmf-dist/tex/latex/amsmath/amsbsy.sty
Package: amsbsy 1999/11/29 v1.2d Bold Symbols
\pmbraise@=\dimen151
) (c:/Users/2692812C/AppData/Roaming/TinyTeX/texmf-dist/tex/latex/amsmath/amsopn.sty
Package: amsopn 2022/04/08 v2.04 operator names
)
\inf@bad=\count273
LaTeX Info: Redefining \frac on input line 233.
\uproot@=\count274
\leftroot@=\count275
LaTeX Info: Redefining \overline on input line 398.
LaTeX Info: Redefining \colon on input line 409.
\classnum@=\count276
\DOTSCASE@=\count277
LaTeX Info: Redefining \ldots on input line 495.
LaTeX Info: Redefining \dots on input line 498.
LaTeX Info: Redefining \cdots on input line 619.
\Mathstrutbox@=\box52
\strutbox@=\box53
LaTeX Info: Redefining \big on input line 721.
LaTeX Info: Redefining \Big on input line 722.
LaTeX Info: Redefining \bigg on input line 723.
LaTeX Info: Redefining \Bigg on input line 724.
\big@size=\dimen152
LaTeX Font Info:    Redeclaring font encoding OML on input line 742.
LaTeX Font Info:    Redeclaring font encoding OMS on input line 743.
\macc@depth=\count278
LaTeX Info: Redefining \bmod on input line 904.
LaTeX Info: Redefining \pmod on input line 909.
LaTeX Info: Redefining \smash on input line 939.
LaTeX Info: Redefining \relbar on input line 969.
LaTeX Info: Redefining \Relbar on input line 970.
\c@MaxMatrixCols=\count279
\dotsspace@=\muskip17
\c@parentequation=\count280
\dspbrk@lvl=\count281
\tag@help=\toks22
\row@=\count282
\column@=\count283
\maxfields@=\count284
\andhelp@=\toks23
\eqnshift@=\dimen153
\alignsep@=\dimen154
\tagshift@=\dimen155
\tagwidth@=\dimen156
\totwidth@=\dimen157
\lineht@=\dimen158
\@envbody=\toks24
\multlinegap=\skip52
\multlinetaggap=\skip53
\mathdisplay@stack=\toks25
LaTeX Info: Redefining \[ on input line 2953.
LaTeX Info: Redefining \] on input line 2954.
) (c:/Users/2692812C/AppData/Roaming/TinyTeX/texmf-dist/tex/latex/amsfonts/amssymb.sty
Package: amssymb 2013/01/14 v3.01 AMS font symbols
 (c:/Users/2692812C/AppData/Roaming/TinyTeX/texmf-dist/tex/latex/amsfonts/amsfonts.sty
Package: amsfonts 2013/01/14 v3.01 Basic AMSFonts support
\symAMSa=\mathgroup4
\symAMSb=\mathgroup5
LaTeX Font Info:    Redeclaring math symbol \hbar on input line 98.
LaTeX Font Info:    Overwriting math alphabet `\mathfrak' in version `bold'
(Font)                  U/euf/m/n --> U/euf/b/n on input line 106.
)) (c:/Users/2692812C/AppData/Roaming/TinyTeX/texmf-dist/tex/latex/booktabs/booktabs.sty
Package: booktabs 2020/01/12 v1.61803398 Publication quality tables
\heavyrulewidth=\dimen159
\lightrulewidth=\dimen160
\cmidrulewidth=\dimen161
\belowrulesep=\dimen162
\belowbottomsep=\dimen163
\aboverulesep=\dimen164
\abovetopsep=\dimen165
\cmidrulesep=\dimen166
\cmidrulekern=\dimen167
\defaultaddspace=\dimen168
\@cmidla=\count285
\@cmidlb=\count286
\@aboverulesep=\dimen169
\@belowrulesep=\dimen170
\@thisruleclass=\count287
\@lastruleclass=\count288
\@thisrulewidth=\dimen171
) (c:/Users/2692812C/AppData/Roaming/TinyTeX/texmf-dist/tex/latex/graphics/graphicx.sty
Package: graphicx 2021/09/16 v1.2d Enhanced LaTeX Graphics (DPC,SPQR)
 (c:/Users/2692812C/AppData/Roaming/TinyTeX/texmf-dist/tex/latex/graphics/graphics.sty
Package: graphics 2024/08/06 v1.4g Standard LaTeX Graphics (DPC,SPQR)
 (c:/Users/2692812C/AppData/Roaming/TinyTeX/texmf-dist/tex/latex/graphics/trig.sty
Package: trig 2023/12/02 v1.11 sin cos tan (DPC)
) (c:/Users/2692812C/AppData/Roaming/TinyTeX/texmf-dist/tex/latex/graphics-cfg/graphics.cfg
File: graphics.cfg 2016/06/04 v1.11 sample graphics configuration
)
Package graphics Info: Driver file: pdftex.def on input line 106.
 (c:/Users/2692812C/AppData/Roaming/TinyTeX/texmf-dist/tex/latex/graphics-def/pdftex.def
File: pdftex.def 2024/04/13 v1.2c Graphics/color driver for pdftex
))
\Gin@req@height=\dimen172
\Gin@req@width=\dimen173
) (c:/Users/2692812C/AppData/Roaming/TinyTeX/texmf-dist/tex/latex/caption/caption.sty
Package: caption 2023/08/05 v3.6o Customizing captions (AR)
 (c:/Users/2692812C/AppData/Roaming/TinyTeX/texmf-dist/tex/latex/caption/caption3.sty
Package: caption3 2023/07/31 v2.4d caption3 kernel (AR)
\caption@tempdima=\dimen174
\captionmargin=\dimen175
\caption@leftmargin=\dimen176
\caption@rightmargin=\dimen177
\caption@width=\dimen178
\caption@indent=\dimen179
\caption@parindent=\dimen180
\caption@hangindent=\dimen181
Package caption Info: Standard document class detected.
)
\c@caption@flags=\count289
\c@continuedfloat=\count290
) (c:/Users/2692812C/AppData/Roaming/TinyTeX/texmf-dist/tex/latex/caption/subcaption.sty
Package: subcaption 2023/07/28 v1.6b Sub-captions (AR)
Package caption Info: New subtype `subfigure' on input line 238.
\c@subfigure=\count291
Package caption Info: New subtype `subtable' on input line 238.
\c@subtable=\count292
) (c:/Users/2692812C/AppData/Roaming/TinyTeX/texmf-dist/tex/latex/float/float.sty
Package: float 2001/11/08 v1.3d Float enhancements (AL)
\c@float@type=\count293
\float@exts=\toks26
\float@box=\box54
\@float@everytoks=\toks27
\@floatcapt=\box55
) (c:/Users/2692812C/AppData/Roaming/TinyTeX/texmf-dist/tex/latex/tools/longtable.sty
Package: longtable 2024-10-27 v4.22 Multi-page Table package (DPC)
\LTleft=\skip54
\LTright=\skip55
\LTpre=\skip56
\LTpost=\skip57
\LTchunksize=\count294
\LTcapwidth=\dimen182
\LT@head=\box56
\LT@firsthead=\box57
\LT@foot=\box58
\LT@lastfoot=\box59
\LT@gbox=\box60
\LT@cols=\count295
\LT@rows=\count296
\c@LT@tables=\count297
\c@LT@chunks=\count298
\LT@p@ftn=\toks28
) (c:/Users/2692812C/AppData/Roaming/TinyTeX/texmf-dist/tex/latex/tools/array.sty
Package: array 2024/10/17 v2.6g Tabular extension package (FMi)
\col@sep=\dimen183
\ar@mcellbox=\box61
\extrarowheight=\dimen184
\NC@list=\toks29
\extratabsurround=\skip58
\backup@length=\skip59
\ar@cellbox=\box62
) (c:/Users/2692812C/AppData/Roaming/TinyTeX/texmf-dist/tex/latex/xcolor/xcolor.sty
Package: xcolor 2024/09/29 v3.02 LaTeX color extensions (UK)
 (c:/Users/2692812C/AppData/Roaming/TinyTeX/texmf-dist/tex/latex/graphics-cfg/color.cfg
File: color.cfg 2016/01/02 v1.6 sample color configuration
)
Package xcolor Info: Driver file: pdftex.def on input line 274.
 (c:/Users/2692812C/AppData/Roaming/TinyTeX/texmf-dist/tex/latex/graphics/mathcolor.ltx)
Package xcolor Info: Model `cmy' substituted by `cmy0' on input line 1349.
Package xcolor Info: Model `hsb' substituted by `rgb' on input line 1353.
Package xcolor Info: Model `RGB' extended on input line 1365.
Package xcolor Info: Model `HTML' substituted by `rgb' on input line 1367.
Package xcolor Info: Model `Hsb' substituted by `hsb' on input line 1368.
Package xcolor Info: Model `tHsb' substituted by `hsb' on input line 1369.
Package xcolor Info: Model `HSB' substituted by `hsb' on input line 1370.
Package xcolor Info: Model `Gray' substituted by `gray' on input line 1371.
Package xcolor Info: Model `wave' substituted by `hsb' on input line 1372.
) (c:/Users/2692812C/AppData/Roaming/TinyTeX/texmf-dist/tex/latex/natbib/natbib.sty
Package: natbib 2010/09/13 8.31b (PWD, AO)
\bibhang=\skip60
\bibsep=\skip61
LaTeX Info: Redefining \cite on input line 694.
\c@NAT@ctr=\count299
) (c:/Users/2692812C/AppData/Roaming/TinyTeX/texmf-dist/tex/latex/hyperref/hyperref.sty
Package: hyperref 2024-11-05 v7.01l Hypertext links for LaTeX
 (c:/Users/2692812C/AppData/Roaming/TinyTeX/texmf-dist/tex/latex/kvsetkeys/kvsetkeys.sty
Package: kvsetkeys 2022-10-05 v1.19 Key value parser (HO)
) (c:/Users/2692812C/AppData/Roaming/TinyTeX/texmf-dist/tex/generic/kvdefinekeys/kvdefinekeys.sty
Package: kvdefinekeys 2019-12-19 v1.6 Define keys (HO)
) (c:/Users/2692812C/AppData/Roaming/TinyTeX/texmf-dist/tex/generic/pdfescape/pdfescape.sty
Package: pdfescape 2019/12/09 v1.15 Implements pdfTeX's escape features (HO)
 (c:/Users/2692812C/AppData/Roaming/TinyTeX/texmf-dist/tex/generic/ltxcmds/ltxcmds.sty
Package: ltxcmds 2023-12-04 v1.26 LaTeX kernel commands for general use (HO)
) (c:/Users/2692812C/AppData/Roaming/TinyTeX/texmf-dist/tex/generic/pdftexcmds/pdftexcmds.sty
Package: pdftexcmds 2020-06-27 v0.33 Utility functions of pdfTeX for LuaTeX (HO)
 (c:/Users/2692812C/AppData/Roaming/TinyTeX/texmf-dist/tex/generic/infwarerr/infwarerr.sty
Package: infwarerr 2019/12/03 v1.5 Providing info/warning/error messages (HO)
)
Package pdftexcmds Info: \pdf@primitive is available.
Package pdftexcmds Info: \pdf@ifprimitive is available.
Package pdftexcmds Info: \pdfdraftmode found.
)) (c:/Users/2692812C/AppData/Roaming/TinyTeX/texmf-dist/tex/latex/hycolor/hycolor.sty
Package: hycolor 2020-01-27 v1.10 Color options for hyperref/bookmark (HO)
) (c:/Users/2692812C/AppData/Roaming/TinyTeX/texmf-dist/tex/latex/hyperref/nameref.sty
Package: nameref 2023-11-26 v2.56 Cross-referencing by name of section
 (c:/Users/2692812C/AppData/Roaming/TinyTeX/texmf-dist/tex/latex/refcount/refcount.sty
Package: refcount 2019/12/15 v3.6 Data extraction from label references (HO)
) (c:/Users/2692812C/AppData/Roaming/TinyTeX/texmf-dist/tex/generic/gettitlestring/gettitlestring.sty
Package: gettitlestring 2019/12/15 v1.6 Cleanup title references (HO)
 (c:/Users/2692812C/AppData/Roaming/TinyTeX/texmf-dist/tex/latex/kvoptions/kvoptions.sty
Package: kvoptions 2022-06-15 v3.15 Key value format for package options (HO)
))
\c@section@level=\count300
) (c:/Users/2692812C/AppData/Roaming/TinyTeX/texmf-dist/tex/latex/etoolbox/etoolbox.sty
Package: etoolbox 2025/02/11 v2.5l e-TeX tools for LaTeX (JAW)
\etb@tempcnta=\count301
) (c:/Users/2692812C/AppData/Roaming/TinyTeX/texmf-dist/tex/generic/stringenc/stringenc.sty
Package: stringenc 2019/11/29 v1.12 Convert strings between diff. encodings (HO)
)
\@linkdim=\dimen185
\Hy@linkcounter=\count302
\Hy@pagecounter=\count303
 (c:/Users/2692812C/AppData/Roaming/TinyTeX/texmf-dist/tex/latex/hyperref/pd1enc.def
File: pd1enc.def 2024-11-05 v7.01l Hyperref: PDFDocEncoding definition (HO)
Now handling font encoding PD1 ...
... no UTF-8 mapping file for font encoding PD1
) (c:/Users/2692812C/AppData/Roaming/TinyTeX/texmf-dist/tex/generic/intcalc/intcalc.sty
Package: intcalc 2019/12/15 v1.3 Expandable calculations with integers (HO)
)
\Hy@SavedSpaceFactor=\count304
 (c:/Users/2692812C/AppData/Roaming/TinyTeX/texmf-dist/tex/latex/hyperref/puenc.def
File: puenc.def 2024-11-05 v7.01l Hyperref: PDF Unicode definition (HO)
Now handling font encoding PU ...
... no UTF-8 mapping file for font encoding PU
)
Package hyperref Info: Hyper figures OFF on input line 4157.
Package hyperref Info: Link nesting OFF on input line 4162.
Package hyperref Info: Hyper index ON on input line 4165.
Package hyperref Info: Plain pages OFF on input line 4172.
Package hyperref Info: Backreferencing OFF on input line 4177.
Package hyperref Info: Implicit mode ON; LaTeX internals redefined.
Package hyperref Info: Bookmarks ON on input line 4424.
\c@Hy@tempcnt=\count305
 (c:/Users/2692812C/AppData/Roaming/TinyTeX/texmf-dist/tex/latex/url/url.sty
\Urlmuskip=\muskip18
Package: url 2013/09/16  ver 3.4  Verb mode for urls, etc.
)
LaTeX Info: Redefining \url on input line 4763.
\XeTeXLinkMargin=\dimen186
 (c:/Users/2692812C/AppData/Roaming/TinyTeX/texmf-dist/tex/generic/bitset/bitset.sty
Package: bitset 2019/12/09 v1.3 Handle bit-vector datatype (HO)
 (c:/Users/2692812C/AppData/Roaming/TinyTeX/texmf-dist/tex/generic/bigintcalc/bigintcalc.sty
Package: bigintcalc 2019/12/15 v1.5 Expandable calculations on big integers (HO)
))
\Fld@menulength=\count306
\Field@Width=\dimen187
\Fld@charsize=\dimen188
Package hyperref Info: Hyper figures OFF on input line 6042.
Package hyperref Info: Link nesting OFF on input line 6047.
Package hyperref Info: Hyper index ON on input line 6050.
Package hyperref Info: backreferencing OFF on input line 6057.
Package hyperref Info: Link coloring OFF on input line 6062.
Package hyperref Info: Link coloring with OCG OFF on input line 6067.
Package hyperref Info: PDF/A mode OFF on input line 6072.
 (c:/Users/2692812C/AppData/Roaming/TinyTeX/texmf-dist/tex/latex/base/atbegshi-ltx.sty
Package: atbegshi-ltx 2021/01/10 v1.0c Emulation of the original atbegshi
package with kernel methods
)
\Hy@abspage=\count307
\c@Item=\count308
\c@Hfootnote=\count309
)
Package hyperref Info: Driver (autodetected): hpdftex.
 (c:/Users/2692812C/AppData/Roaming/TinyTeX/texmf-dist/tex/latex/hyperref/hpdftex.def
File: hpdftex.def 2024-11-05 v7.01l Hyperref driver for pdfTeX
 (c:/Users/2692812C/AppData/Roaming/TinyTeX/texmf-dist/tex/latex/base/atveryend-ltx.sty
Package: atveryend-ltx 2020/08/19 v1.0a Emulation of the original atveryend package
with kernel methods
)
\Fld@listcount=\count310
\c@bookmark@seq@number=\count311
 (c:/Users/2692812C/AppData/Roaming/TinyTeX/texmf-dist/tex/latex/rerunfilecheck/rerunfilecheck.sty
Package: rerunfilecheck 2022-07-10 v1.10 Rerun checks for auxiliary files (HO)
 (c:/Users/2692812C/AppData/Roaming/TinyTeX/texmf-dist/tex/generic/uniquecounter/uniquecounter.sty
Package: uniquecounter 2019/12/15 v1.4 Provide unlimited unique counter (HO)
)
Package uniquecounter Info: New unique counter `rerunfilecheck' on input line 285.
)
\Hy@SectionHShift=\skip62
)
Package hyperref Info: Option `colorlinks' set `true' on input line 24.
 (c:/Users/2692812C/AppData/Roaming/TinyTeX/texmf-dist/tex/latex/l3backend/l3backend-pdftex.def
File: l3backend-pdftex.def 2024-05-08 L3 backend support: PDF output (pdfTeX)
\l__color_backend_stack_int=\count312
\l__pdf_internal_box=\box63
) (./paper_vda_tourism_energy.aux)
\openout1 = `paper_vda_tourism_energy.aux'.

LaTeX Font Info:    Checking defaults for OML/cmm/m/it on input line 37.
LaTeX Font Info:    ... okay on input line 37.
LaTeX Font Info:    Checking defaults for OMS/cmsy/m/n on input line 37.
LaTeX Font Info:    ... okay on input line 37.
LaTeX Font Info:    Checking defaults for OT1/cmr/m/n on input line 37.
LaTeX Font Info:    ... okay on input line 37.
LaTeX Font Info:    Checking defaults for T1/cmr/m/n on input line 37.
LaTeX Font Info:    ... okay on input line 37.
LaTeX Font Info:    Checking defaults for TS1/cmr/m/n on input line 37.
LaTeX Font Info:    ... okay on input line 37.
LaTeX Font Info:    Checking defaults for OMX/cmex/m/n on input line 37.
LaTeX Font Info:    ... okay on input line 37.
LaTeX Font Info:    Checking defaults for U/cmr/m/n on input line 37.
LaTeX Font Info:    ... okay on input line 37.
LaTeX Font Info:    Checking defaults for PD1/pdf/m/n on input line 37.
LaTeX Font Info:    ... okay on input line 37.
LaTeX Font Info:    Checking defaults for PU/pdf/m/n on input line 37.
LaTeX Font Info:    ... okay on input line 37.

*geometry* driver: auto-detecting
*geometry* detected driver: pdftex
*geometry* verbose mode - [ preamble ] result:
* driver: pdftex
* paper: a4paper
* layout: <same size as paper>
* layoutoffset:(h,v)=(0.0pt,0.0pt)
* modes: 
* h-part:(L,W,R)=(72.26999pt, 452.9679pt, 72.26999pt)
* v-part:(T,H,B)=(72.26999pt, 700.50687pt, 72.26999pt)
* \paperwidth=597.50787pt
* \paperheight=845.04684pt
* \textwidth=452.9679pt
* \textheight=700.50687pt
* \oddsidemargin=0.0pt
* \evensidemargin=0.0pt
* \topmargin=-37.0pt
* \headheight=12.0pt
* \headsep=25.0pt
* \topskip=11.0pt
* \footskip=30.0pt
* \marginparwidth=50.0pt
* \marginparsep=10.0pt
* \columnsep=10.0pt
* \skip\footins=10.0pt plus 4.0pt minus 2.0pt
* \hoffset=0.0pt
* \voffset=0.0pt
* \mag=1000
* \@twocolumnfalse
* \@twosidefalse
* \@mparswitchfalse
* \@reversemarginfalse
* (1in=72.27pt=25.4mm, 1cm=28.453pt)

(c:/Users/2692812C/AppData/Roaming/TinyTeX/texmf-dist/tex/latex/epstopdf-pkg/epstopdf-base.sty
Package: epstopdf-base 2020-01-24 v2.11 Base part for package epstopdf
Package epstopdf-base Info: Redefining graphics rule for `.eps' on input line 485.
 (c:/Users/2692812C/AppData/Roaming/TinyTeX/texmf-dist/tex/latex/latexconfig/epstopdf-sys.cfg
File: epstopdf-sys.cfg 2010/07/13 v1.3 Configuration of (r)epstopdf for TeX Live
))
Package caption Info: Begin \AtBeginDocument code.
Package caption Info: float package is loaded.
Package caption Info: hyperref package is loaded.
Package caption Info: longtable package is loaded.
 (c:/Users/2692812C/AppData/Roaming/TinyTeX/texmf-dist/tex/latex/caption/ltcaption.sty
Package: ltcaption 2021/01/08 v1.4c longtable captions (AR)
)
Package caption Info: End \AtBeginDocument code.
Package hyperref Info: Link coloring ON on input line 37.
 (./paper_vda_tourism_energy.out) (./paper_vda_tourism_energy.out)
\@outlinefile=\write3
\openout3 = `paper_vda_tourism_energy.out'.

LaTeX Font Info:    Trying to load font information for U+msa on input line 40.
 (c:/Users/2692812C/AppData/Roaming/TinyTeX/texmf-dist/tex/latex/amsfonts/umsa.fd
File: umsa.fd 2013/01/14 v3.01 AMS symbols A
)
LaTeX Font Info:    Trying to load font information for U+msb on input line 40.
 (c:/Users/2692812C/AppData/Roaming/TinyTeX/texmf-dist/tex/latex/amsfonts/umsb.fd
File: umsb.fd 2013/01/14 v3.01 AMS symbols B
)

[1

{c:/Users/2692812C/AppData/Roaming/TinyTeX/texmf-var/fonts/map/pdftex/updmap/pdftex.map}]

[2]
<../Modelli/meanEffect/report_assets/municipality_maps.png, id=128, 867.24pt x 433.62pt>
File: ../Modelli/meanEffect/report_assets/municipality_maps.png Graphic file (type png)
<use ../Modelli/meanEffect/report_assets/municipality_maps.png>
Package pdftex.def Info: ../Modelli/meanEffect/report_assets/municipality_maps.png  used on input line 157.
(pdftex.def)             Requested size: 452.9679pt x 226.48279pt.


[3]
Overfull \hbox (11.1851pt too wide) detected at line 193
[][][][][]
 []



[4 <../Modelli/meanEffect/report_assets/municipality_maps.png>]

[5]

[6]

[7]

[8]

[9]

[10]
<../Modelli/meanEffect/report_assets/model_comparison_metrics.png, id=247, 770.88pt x 481.8pt>
File: ../Modelli/meanEffect/report_assets/model_comparison_metrics.png Graphic file (type png)
<use ../Modelli/meanEffect/report_assets/model_comparison_metrics.png>
Package pdftex.def Info: ../Modelli/meanEffect/report_assets/model_comparison_metrics.png  used on input line 502.
(pdftex.def)             Requested size: 452.9679pt x 283.10532pt.


[11]
<../Modelli/meanEffect/report_assets/coef_m4_turismo.png, id=256, 674.52pt x 433.62pt>
File: ../Modelli/meanEffect/report_assets/coef_m4_turismo.png Graphic file (type png)
<use ../Modelli/meanEffect/report_assets/coef_m4_turismo.png>
Package pdftex.def Info: ../Modelli/meanEffect/report_assets/coef_m4_turismo.png  used on input line 509.
(pdftex.def)             Requested size: 452.9679pt x 291.19878pt.
<../Modelli/meanEffect/report_assets/mean_effect_key_coefficients.png, id=257, 770.88pt x 481.8pt>
File: ../Modelli/meanEffect/report_assets/mean_effect_key_coefficients.png Graphic file (type png)
<use ../Modelli/meanEffect/report_assets/mean_effect_key_coefficients.png>
Package pdftex.def Info: ../Modelli/meanEffect/report_assets/mean_effect_key_coefficients.png  used on input line 516.
(pdftex.def)             Requested size: 452.9679pt x 283.10532pt.


[12 <../Modelli/meanEffect/report_assets/model_comparison_metrics.png> <../Modelli/meanEffect/report_assets/coef_m4_turismo.png>]
Overfull \hbox (77.72552pt too wide) in paragraph at lines 529--538
 [][] 
 []

<../Modelli/Tail Risk/report_assets/tail_risk_map_score.png, id=266, 578.16pt x 433.62pt>
File: ../Modelli/Tail Risk/report_assets/tail_risk_map_score.png Graphic file (type png)
<use ../Modelli/Tail Risk/report_assets/tail_risk_map_score.png>
Package pdftex.def Info: ../Modelli/Tail Risk/report_assets/tail_risk_map_score.png  used on input line 543.
(pdftex.def)             Requested size: 452.9679pt x 339.72418pt.


[13 <../Modelli/meanEffect/report_assets/mean_effect_key_coefficients.png>]
<../Modelli/Tail Risk/report_assets/tail_risk_vs_tourism_scatter.png, id=275, 578.16pt x 433.62pt>
File: ../Modelli/Tail Risk/report_assets/tail_risk_vs_tourism_scatter.png Graphic file (type png)
<use ../Modelli/Tail Risk/report_assets/tail_risk_vs_tourism_scatter.png>
Package pdftex.def Info: ../Modelli/Tail Risk/report_assets/tail_risk_vs_tourism_scatter.png  used on input line 550.
(pdftex.def)             Requested size: 452.9679pt x 339.72418pt.


[14 <../Modelli/Tail Risk/report_assets/tail_risk_map_score.png>]

[15 <../Modelli/Tail Risk/report_assets/tail_risk_vs_tourism_scatter.png>]

[16]
<../Modelli/Scenarios/report_assets/scenario_shock_delta_kwh_map.png, id=303, 650.43pt x 433.62pt>
File: ../Modelli/Scenarios/report_assets/scenario_shock_delta_kwh_map.png Graphic file (type png)
<use ../Modelli/Scenarios/report_assets/scenario_shock_delta_kwh_map.png>
Package pdftex.def Info: ../Modelli/Scenarios/report_assets/scenario_shock_delta_kwh_map.png  used on input line 646.
(pdftex.def)             Requested size: 452.9679pt x 301.98367pt.
<../Modelli/Scenarios/report_assets/scenario_tail_impact_kwh_map.png, id=305, 650.43pt x 433.62pt>
File: ../Modelli/Scenarios/report_assets/scenario_tail_impact_kwh_map.png Graphic file (type png)
<use ../Modelli/Scenarios/report_assets/scenario_tail_impact_kwh_map.png>
Package pdftex.def Info: ../Modelli/Scenarios/report_assets/scenario_tail_impact_kwh_map.png  used on input line 654.
(pdftex.def)             Requested size: 452.9679pt x 301.98367pt.


[17 <../Modelli/Scenarios/report_assets/scenario_shock_delta_kwh_map.png>]
<../Modelli/Scenarios/report_assets/scenario_tail_impact_weighted_map.png, id=313, 650.43pt x 433.62pt>
File: ../Modelli/Scenarios/report_assets/scenario_tail_impact_weighted_map.png Graphic file (type png)
<use ../Modelli/Scenarios/report_assets/scenario_tail_impact_weighted_map.png>
Package pdftex.def Info: ../Modelli/Scenarios/report_assets/scenario_tail_impact_weighted_map.png  used on input line 662.
(pdftex.def)             Requested size: 452.9679pt x 301.98367pt.


[18 <../Modelli/Scenarios/report_assets/scenario_tail_impact_kwh_map.png> <../Modelli/Scenarios/report_assets/scenario_tail_impact_weighted_map.png>]
<../Modelli/Scenarios/report_assets/scenario_tail_top20_weighted.png, id=322, 650.43pt x 505.89pt>
File: ../Modelli/Scenarios/report_assets/scenario_tail_top20_weighted.png Graphic file (type png)
<use ../Modelli/Scenarios/report_assets/scenario_tail_top20_weighted.png>
Package pdftex.def Info: ../Modelli/Scenarios/report_assets/scenario_tail_top20_weighted.png  used on input line 696.
(pdftex.def)             Requested size: 452.9679pt x 352.31427pt.

Overfull \hbox (82.76285pt too wide) in paragraph at lines 706--718
 [][] 
 []



[19 <../Modelli/Scenarios/report_assets/scenario_tail_top20_weighted.png>]
<../Modelli/Scenarios/report_assets/scenario_tail_validation_topk_precision.png, id=331, 542.025pt x 346.896pt>
File: ../Modelli/Scenarios/report_assets/scenario_tail_validation_topk_precision.png Graphic file (type png)
<use ../Modelli/Scenarios/report_assets/scenario_tail_validation_topk_precision.png>
Package pdftex.def Info: ../Modelli/Scenarios/report_assets/scenario_tail_validation_topk_precision.png  used on input line 726.
(pdftex.def)             Requested size: 452.9679pt x 289.90854pt.


[20]

[21 <../Modelli/Scenarios/report_assets/scenario_tail_validation_topk_precision.png>]

[22]
Overfull \hbox (69.5378pt too wide) in paragraph at lines 795--796
\T1/cmr/m/n/10.95 The pa-per is de-signed to read the cur-rent em-pir-i-cal out-puts stored un-der \T1/cmtt/m/n/10.95 Modelli/meanEffect/report_assets\T1/cmr/m/n/10.95 ,
 []

(./paper_vda_tourism_energy.bbl

[23])
<../Modelli/meanEffect/report_assets/coef_m0_popolazione.png, id=363, 674.52pt x 433.62pt>
File: ../Modelli/meanEffect/report_assets/coef_m0_popolazione.png Graphic file (type png)
<use ../Modelli/meanEffect/report_assets/coef_m0_popolazione.png>
Package pdftex.def Info: ../Modelli/meanEffect/report_assets/coef_m0_popolazione.png  used on input line 806.
(pdftex.def)             Requested size: 452.9679pt x 291.19878pt.
<../Modelli/meanEffect/report_assets/coef_m1_meteo.png, id=364, 674.52pt x 433.62pt>
File: ../Modelli/meanEffect/report_assets/coef_m1_meteo.png Graphic file (type png)
<use ../Modelli/meanEffect/report_assets/coef_m1_meteo.png>
Package pdftex.def Info: ../Modelli/meanEffect/report_assets/coef_m1_meteo.png  used on input line 812.
(pdftex.def)             Requested size: 452.9679pt x 291.19878pt.
<../Modelli/meanEffect/report_assets/coef_m2_calendario.png, id=365, 674.52pt x 433.62pt>
File: ../Modelli/meanEffect/report_assets/coef_m2_calendario.png Graphic file (type png)
<use ../Modelli/meanEffect/report_assets/coef_m2_calendario.png>
Package pdftex.def Info: ../Modelli/meanEffect/report_assets/coef_m2_calendario.png  used on input line 818.
(pdftex.def)             Requested size: 452.9679pt x 291.19878pt.
<../Modelli/meanEffect/report_assets/coef_m3_dinamica.png, id=366, 674.52pt x 433.62pt>
File: ../Modelli/meanEffect/report_assets/coef_m3_dinamica.png Graphic file (type png)
<use ../Modelli/meanEffect/report_assets/coef_m3_dinamica.png>
Package pdftex.def Info: ../Modelli/meanEffect/report_assets/coef_m3_dinamica.png  used on input line 824.
(pdftex.def)             Requested size: 452.9679pt x 291.19878pt.
<../Modelli/meanEffect/report_assets/mean_effect_model_compare.png, id=367, 770.88pt x 433.62pt>
File: ../Modelli/meanEffect/report_assets/mean_effect_model_compare.png Graphic file (type png)
<use ../Modelli/meanEffect/report_assets/mean_effect_model_compare.png>
Package pdftex.def Info: ../Modelli/meanEffect/report_assets/mean_effect_model_compare.png  used on input line 830.
(pdftex.def)             Requested size: 452.9679pt x 254.79478pt.
<../Modelli/meanEffect/report_assets/tourism_model_compare.png, id=368, 674.52pt x 433.62pt>
File: ../Modelli/meanEffect/report_assets/tourism_model_compare.png Graphic file (type png)
<use ../Modelli/meanEffect/report_assets/tourism_model_compare.png>
Package pdftex.def Info: ../Modelli/meanEffect/report_assets/tourism_model_compare.png  used on input line 836.
(pdftex.def)             Requested size: 452.9679pt x 291.19878pt.
<../Modelli/meanEffect/report_assets/final_model_residuals.png, id=369, 674.52pt x 481.8pt>
File: ../Modelli/meanEffect/report_assets/final_model_residuals.png Graphic file (type png)
<use ../Modelli/meanEffect/report_assets/final_model_residuals.png>
Package pdftex.def Info: ../Modelli/meanEffect/report_assets/final_model_residuals.png  used on input line 842.
(pdftex.def)             Requested size: 452.9679pt x 323.55418pt.


[24]

[25 <../Modelli/meanEffect/report_assets/coef_m0_popolazione.png> <../Modelli/meanEffect/report_assets/coef_m1_meteo.png>]

[26 <../Modelli/meanEffect/report_assets/coef_m2_calendario.png> <../Modelli/meanEffect/report_assets/coef_m3_dinamica.png>]

[27 <../Modelli/meanEffect/report_assets/mean_effect_model_compare.png> <../Modelli/meanEffect/report_assets/tourism_model_compare.png>]
Overfull \hbox (9.8481pt too wide) in paragraph at lines 861--862
\T1/cmr/m/n/10.95 squares model on the log-share resid-ual, us-ing as co-vari-ates $\OML/cmm/m/it/10.95 w[] \OT1/cmr/m/n/10.95 = ([][]\OML/cmm/m/it/10.95 ; [][]; [][]; [][]\OT1/cmr/m/n/10.95 )$
 []



[28]

[29]
<../Modelli/Tail Risk/report_assets/municipality_tail_risk_top20.png, id=430, 770.88pt x 481.8pt>
File: ../Modelli/Tail Risk/report_assets/municipality_tail_risk_top20.png Graphic file (type png)
<use ../Modelli/Tail Risk/report_assets/municipality_tail_risk_top20.png>
Package pdftex.def Info: ../Modelli/Tail Risk/report_assets/municipality_tail_risk_top20.png  used on input line 934.
(pdftex.def)             Requested size: 452.9679pt x 283.10532pt.
<../Modelli/Tail Risk/report_assets/tail_risk_map_conditional95.png, id=431, 578.16pt x 433.62pt>
File: ../Modelli/Tail Risk/report_assets/tail_risk_map_conditional95.png Graphic file (type png)
<use ../Modelli/Tail Risk/report_assets/tail_risk_map_conditional95.png>
Package pdftex.def Info: ../Modelli/Tail Risk/report_assets/tail_risk_map_conditional95.png  used on input line 940.
(pdftex.def)             Requested size: 452.9679pt x 339.72418pt.
<../Modelli/Tail Risk/report_assets/tail_risk_map_tourism_intensity.png, id=432, 578.16pt x 433.62pt>
File: ../Modelli/Tail Risk/report_assets/tail_risk_map_tourism_intensity.png Graphic file (type png)
<use ../Modelli/Tail Risk/report_assets/tail_risk_map_tourism_intensity.png>
Package pdftex.def Info: ../Modelli/Tail Risk/report_assets/tail_risk_map_tourism_intensity.png  used on input line 946.
(pdftex.def)             Requested size: 452.9679pt x 339.72418pt.


[30]

[31 <../Modelli/meanEffect/report_assets/final_model_residuals.png> <../Modelli/Tail Risk/report_assets/municipality_tail_risk_top20.png>]

[32 <../Modelli/Tail Risk/report_assets/tail_risk_map_conditional95.png>]

[33 <../Modelli/Tail Risk/report_assets/tail_risk_map_tourism_intensity.png>]

[34

] (./paper_vda_tourism_energy.aux)
 ***********
LaTeX2e <2024-11-01> patch level 2
L3 programming layer <2025-01-18>
 ***********
Package rerunfilecheck Info: File `paper_vda_tourism_energy.out' has not changed.
(rerunfilecheck)             Checksum: 62A57C99E0B7A05195F867177440096F;4658.
 ) 
Here is how much of TeX's memory you used:
 13126 strings out of 475172
 214635 string characters out of 5764043
 622070 words of memory out of 5000000
 35810 multiletter control sequences out of 15000+600000
 585846 words of font info for 106 fonts, out of 8000000 for 9000
 14 hyphenation exceptions out of 8191
 75i,12n,79p,1919b,556s stack positions out of 10000i,1000n,20000p,200000b,200000s
 <c:/Users/2692812C/AppData/Roaming/TinyTeX/texmf-var/fonts/pk/ljfour/jknappen/ec/tcrm1095.600pk> <c:/Users/2692812C/AppData/Roaming/TinyTeX/texmf-var/fonts/pk/ljfour/jknappen/ec/ecbx0900.600pk> <c:/Users/2692812C/AppData/Roaming/TinyTeX/texmf-var/fonts/pk/ljfour/jknappen/ec/ecrm0900.600pk> <c:/Users/2692812C/AppData/Roaming/TinyTeX/texmf-var/fonts/pk/ljfour/jknappen/ec/ectt1095.600pk> <c:/Users/2692812C/AppData/Roaming/TinyTeX/texmf-var/fonts/pk/ljfour/jknappen/ec/eccc1095.600pk> <c:/Users/2692812C/AppData/Roaming/TinyTeX/texmf-var/fonts/pk/ljfour/jknappen/ec/ecti1095.600pk> <c:/Users/2692812C/AppData/Roaming/TinyTeX/texmf-var/fonts/pk/ljfour/jknappen/ec/ecrm0800.600pk> <c:/Users/2692812C/AppData/Roaming/TinyTeX/texmf-var/fonts/pk/ljfour/jknappen/ec/ecbx1200.600pk> <c:/Users/2692812C/AppData/Roaming/TinyTeX/texmf-var/fonts/pk/ljfour/jknappen/ec/ecbx1440.600pk> <c:/Users/2692812C/AppData/Roaming/TinyTeX/texmf-var/fonts/pk/ljfour/jknappen/ec/ecrm1095.600pk> <c:/Users/2692812C/AppData/Roaming/TinyTeX/texmf-var/fonts/pk/ljfour/jknappen/ec/ecbx1095.600pk> <c:/Users/2692812C/AppData/Roaming/TinyTeX/texmf-var/fonts/pk/ljfour/jknappen/ec/ecrm1000.600pk> <c:/Users/2692812C/AppData/Roaming/TinyTeX/texmf-var/fonts/pk/ljfour/jknappen/ec/ecbx1000.600pk> <c:/Users/2692812C/AppData/Roaming/TinyTeX/texmf-var/fonts/pk/ljfour/jknappen/ec/ecrm1200.600pk> <c:/Users/2692812C/AppData/Roaming/TinyTeX/texmf-var/fonts/pk/ljfour/jknappen/ec/ecrm1728.600pk><c:/Users/2692812C/AppData/Roaming/TinyTeX/texmf-dist/fonts/type1/public/amsfonts/cm/cmbx10.pfb><c:/Users/2692812C/AppData/Roaming/TinyTeX/texmf-dist/fonts/type1/public/amsfonts/cm/cmex10.pfb><c:/Users/2692812C/AppData/Roaming/TinyTeX/texmf-dist/fonts/type1/public/amsfonts/cm/cmmi10.pfb><c:/Users/2692812C/AppData/Roaming/TinyTeX/texmf-dist/fonts/type1/public/amsfonts/cm/cmmi6.pfb><c:/Users/2692812C/AppData/Roaming/TinyTeX/texmf-dist/fonts/type1/public/amsfonts/cm/cmmi7.pfb><c:/Users/2692812C/AppData/Roaming/TinyTeX/texmf-dist/fonts/type1/public/amsfonts/cm/cmmi8.pfb><c:/Users/2692812C/AppData/Roaming/TinyTeX/texmf-dist/fonts/type1/public/amsfonts/cm/cmmi9.pfb><c:/Users/2692812C/AppData/Roaming/TinyTeX/texmf-dist/fonts/type1/public/amsfonts/cm/cmmib10.pfb><c:/Users/2692812C/AppData/Roaming/TinyTeX/texmf-dist/fonts/type1/public/amsfonts/cmextra/cmmib8.pfb><c:/Users/2692812C/AppData/Roaming/TinyTeX/texmf-dist/fonts/type1/public/amsfonts/cm/cmr10.pfb><c:/Users/2692812C/AppData/Roaming/TinyTeX/texmf-dist/fonts/type1/public/amsfonts/cm/cmr6.pfb><c:/Users/2692812C/AppData/Roaming/TinyTeX/texmf-dist/fonts/type1/public/amsfonts/cm/cmr7.pfb><c:/Users/2692812C/AppData/Roaming/TinyTeX/texmf-dist/fonts/type1/public/amsfonts/cm/cmr8.pfb><c:/Users/2692812C/AppData/Roaming/TinyTeX/texmf-dist/fonts/type1/public/amsfonts/cm/cmr9.pfb><c:/Users/2692812C/AppData/Roaming/TinyTeX/texmf-dist/fonts/type1/public/amsfonts/cm/cmsy10.pfb><c:/Users/2692812C/AppData/Roaming/TinyTeX/texmf-dist/fonts/type1/public/amsfonts/cm/cmsy6.pfb><c:/Users/2692812C/AppData/Roaming/TinyTeX/texmf-dist/fonts/type1/public/amsfonts/cm/cmsy7.pfb><c:/Users/2692812C/AppData/Roaming/TinyTeX/texmf-dist/fonts/type1/public/amsfonts/cm/cmsy8.pfb><c:/Users/2692812C/AppData/Roaming/TinyTeX/texmf-dist/fonts/type1/public/amsfonts/cm/cmsy9.pfb><c:/Users/2692812C/AppData/Roaming/TinyTeX/texmf-dist/fonts/type1/public/amsfonts/symbols/msbm10.pfb>
Output written on paper_vda_tourism_energy.pdf (34 pages, 1222783 bytes).
PDF statistics:
 1191 PDF objects out of 1200 (max. 8388607)
 500 compressed objects within 5 object streams
 131 named destinations out of 1000 (max. 500000)
 282 words of extra memory for PDF output out of 10000 (max. 10000000)

